commit 2583ba2951bf0bbad55819abc03608c5a9af892d
Author: Kelvin S <kelvinnothere@gmail.com>
Date:   Fri Sep 4 11:15:53 2026 +0800

    Activity 5

commit 38c3881d748db5457d8c70680ef0cae034711216
Author: Kelvin S <kelvinnothere@gmail.com>
Date:   Fri Sep 4 11:09:33 2026 +0800

    Activity 4

commit 03a90dbdade824aaad9537b2f174a3b5a23a0a6c
Author: Kelvin S <kelvinnothere@gmail.com>
Date:   Fri Sep 4 11:03:57 2026 +0800

    Activity 3

commit 1b5ea1df06a45a2d4991d686cbfe6d16fb04f022
Author: Kelvin S <kelvinnothere@gmail.com>
Date:   Fri Sep 4 10:58:28 2026 +0800

    Activity 2

commit e56675123a0cbe22eb3e863519d4049c78bafac9
Author: Kelvin S <kelvinnothere@gmail.com>
Date:   Fri Sep 4 10:45:06 2026 +0800

    First Post
